2026-09-08 04:33:24.081: [INFO] CurrentProfilePath: C:\Templates\Java_Workspace\KKC 장비 관리 시스템\.metadata\.plugins\org.eclipse.swt\EBWebView\Default
2026-09-08 04:33:24.081: [INFO] Profiles total count: 1
2026-09-08 04:33:24.081: [INFO] Profile: name=프로필 1 path=C:\Templates\Java_Workspace\KKC 장비 관리 시스템\.metadata\.plugins\org.eclipse.swt\EBWebView\Default lastActive=null
2026-09-08 04:33:24.081: [INFO] LastUsedProfileDir: C:\Templates\Java_Workspace\KKC 장비 관리 시스템\.metadata\.plugins\org.eclipse.swt\EBWebView\Default
2026-09-08 04:33:24.081: [INFO] OnDoneLoading sync enabled: 0
2026-09-08 04:33:24.081: [INFO] BookmarkModelLoaded, ids_reassigned: 0
2026-09-08 04:33:24.081: [INFO] BookmarksLoadDropped droppedNodes=0
2026-09-08 04:33:24.081: [INFO] BookmarksSnapshot Startup total=0 bar=0 other=0 mobile=0 showBar=0 showBarNTP=1
2026-09-08 04:33:26.851: [INFO] BookmarksSnapshot Shutdown total=0 bar=0 other=0 mobile=0 showBar=0 showBarNTP=1
2026-09-08 04:33:33.651: [INFO] CurrentProfilePath: C:\Templates\Java_Workspace\KKC 장비 관리 시스템\.metadata\.plugins\org.eclipse.swt\EBWebView\Default
2026-09-08 04:33:33.651: [INFO] Profiles total count: 1
2026-09-08 04:33:33.651: [INFO] Profile: name=프로필 1 path=C:\Templates\Java_Workspace\KKC 장비 관리 시스템\.metadata\.plugins\org.eclipse.swt\EBWebView\Default lastActive=2026-09-08T04:33:24.514Z
2026-09-08 04:33:33.651: [INFO] LastUsedProfileDir: C:\Templates\Java_Workspace\KKC 장비 관리 시스템\.metadata\.plugins\org.eclipse.swt\EBWebView\Default
2026-09-08 04:33:33.651: [INFO] MostRecentlyActiveProfile: name=프로필 1 path=C:\Templates\Java_Workspace\KKC 장비 관리 시스템\.metadata\.plugins\org.eclipse.swt\EBWebView\Default lastActive=2026-09-08T04:33:24.514Z
2026-09-08 04:33:33.651: [INFO] OnDoneLoading sync enabled: 0
2026-09-08 04:33:33.651: [INFO] BookmarkModelLoaded, ids_reassigned: 0
2026-09-08 04:33:33.651: [INFO] BookmarksLoadDropped droppedNodes=0
2026-09-08 04:33:33.651: [INFO] BookmarksSnapshot Startup total=0 bar=0 other=0 mobile=0 showBar=0 showBarNTP=1
2026-09-08 04:34:48.406: [INFO] BookmarksSnapshot Shutdown total=0 bar=0 other=0 mobile=0 showBar=0 showBarNTP=1
2026-09-08 04:39:01.400: [INFO] CurrentProfilePath: C:\Templates\Java_Workspace\KKC 장비 관리 시스템\.metadata\.plugins\org.eclipse.swt\EBWebView\Default
2026-09-08 04:39:01.400: [INFO] Profiles total count: 1
2026-09-08 04:39:01.400: [INFO] Profile: name=프로필 1 path=C:\Templates\Java_Workspace\KKC 장비 관리 시스템\.metadata\.plugins\org.eclipse.swt\EBWebView\Default lastActive=2026-09-08T04:34:47.638Z
2026-09-08 04:39:01.400: [INFO] LastUsedProfileDir: C:\Templates\Java_Workspace\KKC 장비 관리 시스템\.metadata\.plugins\org.eclipse.swt\EBWebView\Default
2026-09-08 04:39:01.400: [INFO] MostRecentlyActiveProfile: name=프로필 1 path=C:\Templates\Java_Workspace\KKC 장비 관리 시스템\.metadata\.plugins\org.eclipse.swt\EBWebView\Default lastActive=2026-09-08T04:34:47.638Z
2026-09-08 04:39:01.400: [INFO] OnDoneLoading sync enabled: 0
2026-09-08 04:39:01.400: [INFO] BookmarkModelLoaded, ids_reassigned: 0
2026-09-08 04:39:01.400: [INFO] BookmarksLoadDropped droppedNodes=0
2026-09-08 04:39:01.400: [INFO] BookmarksSnapshot Startup total=0 bar=0 other=0 mobile=0 showBar=0 showBarNTP=1
2026-09-08 04:39:04.639: [INFO] BookmarksSnapshot Shutdown total=0 bar=0 other=0 mobile=0 showBar=0 showBarNTP=1
